2026/06/16 14:39:11
CmdLine: '"C:\Games\Kingdom Come_ Deliverance\Bin\Win64\KingdomCome.exe"'
Looking for root folder...
Exec path is 'C:\Games\Kingdom Come_ Deliverance\Bin\Win64\KingdomCome.exe'
The root folder is 'C:\Games\Kingdom Come_ Deliverance'
Adding 'C:\Games\Kingdom Come_ Deliverance\Bin\Win64Shared' to path...
New path is 'C:\Games\Kingdom Come_ Deliverance\Bin\Win64Shared;C:\windows\system32;C:\windows;C:\windows\system32\wbem;C:\windows\system32\WindowsPowershell\v1.0'
Loading icons...
Creating splash...
Checking if another instance is running...
Working dir is set to 'C:\Games\Kingdom Come_ Deliverance'
Loading 'amd_ags_x64.dll' ...
Loading 'AnselSDK64.dll' ...
Loading 'd3dcompiler_46.dll' ...
Loading 'd3dcompiler_47.dll' ...
Loading 'fmod64.dll' ...
Loading 'fmodstudio64.dll' ...
Loading 'GfeSDK.dll' ...
Loading 'LightFX.dll' ...
Loading 'LightFX64.dll' ...
Loading 'LightFXConfigurator64.dll' ...
Loading 'pros.sdk.x64.dll' ...
Loading 'steam_api64.dll' ...
Loading 'Tobii.GameIntegration.dll' ...
Loading Game DLL 'WHGame' ...
Game DLL is loaded
GameStartup is created
Initializing the game...
The game is initialized
Destroying the splash...
One time render...
Run: begin
